<html>
<body>
<pre>
<h1>µVision3 Build Log</h1>
<h2>Project:</h2>
D:\ABHISHEK JOSHI\ARM\T2\T2.uv2
Project File Date:  01/01/2002

<h2>Output:</h2>
Build target 'Target 1'
assembling Startup.s...
linking...
T2.axf: Warning: L6665W: Neither Lib$$Request$$armlib Lib$$Request$$cpplib defined, not searching ARM libraries.
T2.axf: Error: L6411W: No compatible library exists with a definition of startup symbol __main.
Target not created
Build target 'Target 1'
assembling Startup.s...
compiling T2.C...
T2.C(37): warning:  #1-D: last line of file ends without a newline
linking...
T2.axf: Error: L6218E: Undefined symbol delay (referred from t2.o).
Target not created
Build target 'Target 1'
assembling Startup.s...
compiling T2.C...
linking...
Program Size: Code=1356 RO-data=16400 RW-data=0 ZI-data=1256  
FromELF: creating hex file...
"T2.axf" - 0 Error(s), 0 Warning(s).
</pre>
</body>
</html>
