<html>
<body>
<pre>
<h1>µVision3 Build Log</h1>
<h2>Project:</h2>
D:\ABHISHEK JOSHI\ARM\LCD\LCD T10\LCD T10.uv2
Project File Date:  01/01/2002

<h2>Output:</h2>
Build target 'Target 1'
assembling Startup.s...
compiling LCD T10.C...
LCD T10.C(5): error:  #144: a value of type "char *" cannot be used to initialize an entity of type "unsigned int"
LCD T10.C(69): warning:  #223-D: function "cmd" declared implicitly
Target not created
Build target 'Target 1'
assembling Startup.s...
compiling LCD T10.C...
linking...
Program Size: Code=4288 RO-data=16416 RW-data=172 ZI-data=1260  
FromELF: creating hex file...
"LCD T10.axf" - 0 Error(s), 0 Warning(s).
Build target 'Target 1'
assembling Startup.s...
compiling LCD T10.C...
linking...
Program Size: Code=4284 RO-data=16416 RW-data=144 ZI-data=1256  
FromELF: creating hex file...
"LCD T10.axf" - 0 Error(s), 0 Warning(s).
Build target 'Target 1'
assembling Startup.s...
compiling LCD T10.C...
linking...
Program Size: Code=4296 RO-data=16416 RW-data=144 ZI-data=1256  
FromELF: creating hex file...
"LCD T10.axf" - 0 Error(s), 0 Warning(s).
Build target 'Target 1'
assembling Startup.s...
compiling LCD T10.C...
linking...
Program Size: Code=4288 RO-data=16416 RW-data=144 ZI-data=1256  
FromELF: creating hex file...
"LCD T10.axf" - 0 Error(s), 0 Warning(s).
Build target 'Target 1'
assembling Startup.s...
compiling LCD T10.C...
linking...
Program Size: Code=4296 RO-data=16416 RW-data=144 ZI-data=1256  
FromELF: creating hex file...
"LCD T10.axf" - 0 Error(s), 0 Warning(s).
