C51 COMPILER V9.00   UART_T8                                                               01/02/2002 05:21:34 PAGE 1   


C51 COMPILER V9.00, COMPILATION OF MODULE UART_T8
OBJECT MODULE PLACED IN Uart T8.OBJ
COMPILER INVOKED BY: C:\Keil\C51\BIN\C51.EXE Uart T8.C BROWSE DEBUG OBJECTEXTEND

line level    source

   1          #include<Reg51f.h>
   2          #include<stdio.h>
   3          
   4          
   5          sbit sl1=P2^0;
   6          sbit sl2=P2^1;
   7          sbit sl3=P2^2;
   8          sbit sl4=P2^3;
   9          
  10          sbit e=P0^3;
  11          sbit rw=P0^2;
  12          sbit rs=P0^1;
  13          sbit vled=P0^0;
  14          
  15          unsigned char cnt[10]={'C','O','U','N','T','E','R'};
  16          unsigned char disp[25]={0xfc,0x60,0xda,0xf2,0x66,0xb6,0xbe,0xe0,0xfe,0xf6,0xff,0xff,0xff,0xff,0xff,0xff,0x
             -ff,0xee,0x3e,0x9c,0x7a,0x9e,0x8e};
  17          unsigned char ds1='0',ds2='0',ds3='0',ds4='0',cmd_data;
  18          int k,i;
  19          int scan_no;
  20          
  21          void delay(unsigned int);
  22          void display();
  23          void init();
  24          void init_timer();
  25          void incrementd();
  26          void scanner();
  27          void uart_disp();
  28          void init_uart();
  29          void uart_delay(unsigned int);
  30          void tx(unsigned char);
  31          void clr_screen();
  32          void home_screen();
  33           
  34          
  35          
  36          void isr_t0() interrupt 1 using 1
  37          {
  38   1       init_timer();
  39   1       scanner();
  40   1      }
  41          
  42          void main()
  43          {
  44   1        init_uart();
  45   1        //clr_screen();
  46   1        init();
  47   1        EA=1;
  48   1        //test_display();
  49   1        
  50   1        /*cmd_wr(0xC0);
  51   1        for(i=0;i<=6;i++)
  52   1        {
  53   1         data_wr(cnt[i]);
  54   1        }     */
C51 COMPILER V9.00   UART_T8                                                               01/02/2002 05:21:34 PAGE 2   

  55   1         while(1)
  56   1         {
  57   2          uart_disp();
  58   2              delay(1000);
  59   2              incrementd();
  60   2         }  
  61   1        
  62   1      }
  63          
  64          void init()
  65          {
  66   1       scan_no=0;
  67   1       init_timer();
  68   1      } 
  69          
  70          void init_timer()
  71          {
  72   1       TMOD|=0x01;
  73   1       TL0=0x66;
  74   1       TH0=0x0FC;
  75   1       TR0=1;
  76   1       ET0=1;
  77   1      }
  78          
  79          void scanner()
  80          {
  81   1       switch (scan_no)
  82   1          {
  83   2                      case 0:
  84   2                                              sl1=0;
  85   2                                              sl2=1;
  86   2                                              sl3=1;
  87   2                                              sl4=1;
  88   2                                              //adisp1();
  89   2                                              scan_no=1;
  90   2                                              break;
  91   2                      
  92   2                      case 1:
  93   2                                              scan_no=2;
  94   2                                              break;
  95   2      
  96   2                      case 2:
  97   2                                              scan_no=3;
  98   2                                              break;
  99   2      
 100   2                      case 3:
 101   2                                              //disp_blank();
 102   2                                              scan_no=4;
 103   2                                              break;
 104   2      
 105   2                      case 4:
 106   2                                              sl1=1;
 107   2                                              sl2=0;
 108   2                                              sl3=1;
 109   2                                              sl4=1;
 110   2                                              //adisp2();
 111   2                                              scan_no=5;
 112   2                                              break;
 113   2                      
 114   2                      case 5:
 115   2                                              scan_no=6;
 116   2                                              break;
C51 COMPILER V9.00   UART_T8                                                               01/02/2002 05:21:34 PAGE 3   

 117   2      
 118   2                      case 6:
 119   2                                              scan_no=7;
 120   2                                              break;
 121   2      
 122   2                      case 7:
 123   2                                              //disp_blank();
 124   2                                              scan_no=8;
 125   2                                              break;
 126   2                      
 127   2                      case 8:
 128   2                                              sl1=1;
 129   2                                              sl2=1;
 130   2                                              sl3=0;
 131   2                                              sl4=1;
 132   2                                              //adisp3();
 133   2                                              scan_no=9;
 134   2                                              break;
 135   2                      
 136   2                      case 9:
 137   2                                              scan_no=10;
 138   2                                              break;
 139   2      
 140   2                      case 10:
 141   2                                              scan_no=11;
 142   2                                              break;
 143   2      
 144   2                      case 11:
 145   2                                              //disp_blank();
 146   2                                              scan_no=12;
 147   2                                              break;                  
 148   2              
 149   2                      case 12:
 150   2                                              sl1=1;
 151   2                                              sl2=1;
 152   2                                              sl3=1;
 153   2                                              sl4=0;
 154   2                                              //adisp4();
 155   2                                              scan_no=13;
 156   2                                              break;
 157   2                      
 158   2                      case 13:
 159   2                                              scan_no=14;
 160   2                                              break;
 161   2      
 162   2                      case 14:
 163   2                                              scan_no=15;
 164   2                                              break;
 165   2      
 166   2                      case 15:
 167   2                                              //disp_blank();
 168   2                                              scan_no=0;
 169   2                                              break;
 170   2              }
 171   1      }
 172          
 173          
 174          void delay(unsigned int del)
 175          {
 176   1      int d1,d2;
 177   1       for(d1=0;d1<=del;d1++)
 178   1              for(d2=0;d2<=120;d2++);
C51 COMPILER V9.00   UART_T8                                                               01/02/2002 05:21:34 PAGE 4   

 179   1      }
 180          
 181                    
 182          
 183          void incrementd()
 184          {
 185   1      
 186   1       ds1=ds1+1;
 187   1       if (ds1>'9')
 188   1       {
 189   2              ds1='0';
 190   2              ds2=ds2+1;
 191   2      
 192   2                      if (ds2>'9')
 193   2                      {
 194   3                              ds2='0';
 195   3                              ds3=ds3+1;
 196   3      
 197   3                                      if (ds3>'9')
 198   3                                      {
 199   4                                              ds3='0';
 200   4                                              ds4=ds4+1;
 201   4      
 202   4                                              if(ds4>'9')
 203   4                                              {
 204   5                                               ds1='0';
 205   5                                               ds2='0';
 206   5                                               ds3='0';
 207   5                                               ds4='0';
 208   5                                              }
 209   4                                              
 210   4                                      }
 211   3                                      
 212   3                      }
 213   2                      
 214   2       }
 215   1       
 216   1      }
 217          
 218          void uart_disp()
 219          {
 220   1       home_screen();
 221   1       tx(ds4);
 222   1       uart_delay(1);
 223   1       tx(ds3);
 224   1       uart_delay(1);
 225   1       tx(ds2);
 226   1       uart_delay(1);
 227   1       tx(ds1);
 228   1       uart_delay(1);
 229   1      }
 230          
 231          void init_uart()
 232          {
 233   1       TMOD|=0x20;
 234   1       TH1=0xFD;
 235   1       TR1=1;
 236   1       SCON=0x53;
 237   1      }
 238          
 239          void clr_screen()
 240          {
C51 COMPILER V9.00   UART_T8                                                               01/02/2002 05:21:34 PAGE 5   

 241   1       tx(0x1b);
 242   1       uart_delay(1);
 243   1       tx('[');
 244   1       uart_delay(1);
 245   1       tx('2');
 246   1       uart_delay(1);
 247   1       tx('J');
 248   1       uart_delay(1);
 249   1      }
 250          
 251          void home_screen()
 252          {
 253   1       tx(0x1b);
 254   1       uart_delay(1);
 255   1       tx('[');
 256   1       uart_delay(1);
 257   1       tx('H');
 258   1       uart_delay(1);
 259   1      }
 260          
 261          void tx(unsigned char tx_data)
 262          {
 263   1       while(TI!=1);
 264   1       SBUF=tx_data;
 265   1       TI=0;
 266   1      }
 267          
 268          void uart_delay(unsigned int del)
 269          {
 270   1       int j,i;
 271   1       for(i=0;i<=del;i++)
 272   1        for(j=0;j<=120;j++);
 273   1      
 274   1      }
 275          


MODULE INFORMATION:   STATIC OVERLAYABLE
   CODE SIZE        =    539    ----
   CONSTANT SIZE    =   ----    ----
   XDATA SIZE       =   ----    ----
   PDATA SIZE       =   ----    ----
   DATA SIZE        =     46    ----
   IDATA SIZE       =   ----    ----
   BIT SIZE         =   ----    ----
END OF MODULE INFORMATION.


C51 COMPILATION COMPLETE.  0 WARNING(S),  0 ERROR(S)
