HI-TECH Software C Compiler 

Linker command line:

--edf=C:\Program Files\HI-TECH Software\PICC\9.70\dat\en_msgs.txt -cs \
  -h+LCD T9.C.sym -z -Q16F876A -ol.obj -MLCD T9.C.map -E1 \
  -ACODE=00h-07FFhx4 -ACONST=00h-0FFhx32 -AENTRY=00h-0FFhx32 \
  -ASTRING=00h-0FFhx32 -ABANK0=020h-06Fh -ABANK1=0A0h-0EFh \
  -ABANK2=0110h-016Fh -ABANK3=0190h-01EFh \
  -ARAM=020h-06Fh,0A0h-0EFh,0110h-016Fh,0190h-01EFh \
  -AABS1=020h-07Fh,0A0h-0EFh,0110h-016Fh,0190h-01EFh -ACOMMON=070h-07Fh \
  -ASFR0=00h-01Fh -ASFR1=080h-09Fh -ASFR2=0100h-010Fh -ASFR3=0180h-018Fh \
  -preset_vec=00h,intentry=04h,init,end_init -ppowerup=CODE \
  -ACONFIG=02007h-02007h -pconfig=CONFIG -DCONFIG=2 -AIDLOC=02000h-02003h \
  -pidloc=IDLOC -DIDLOC=2 -AEEDATA=00h-0FFh/02100h -peeprom_data=EEDATA \
  -DEEDATA=2 -DCODE=2 -k startup.obj LCD T9.C.obj 

Object code version is 3.10

Machine type is 16F876A



                Name          Link     Load   Length Selector   Space       Scale
startup.obj     end_init        12       12        3       8     0
                reset_vec        0        0        3       0     0
LCD T9.C.obj    intentry         4        4        E       8     0
                text118        357      357       36       8     0
                text117        43D      43D       1F       8     0
                text120        4EE      4EE        B       8     0
                text119        416      416       27       8     0
                text114        1E1      1E1       97       8     0
                text113        4F9      4F9        B       8     0
                text116        3EF      3EF       27       8     0
                text115        4C6      4C6        F       8     0
                text125        4B7      4B7        F       8     0
                text124        4E2      4E2        C       8     0
                text126        278      278       71       8     0
                text122        45C      45C       1C       8     0
                text121        50C      50C        5       8     0
                text123         15       15      1CC       8     0
                text112        494      494       12       8     0
                bssCOMMON       76       76        3      70     1
                cinit          3BF      3BF       30       8     0
                bssBANK0        3C       3C       17      20     1
                dataCOMMO       79       79        1      70     1
                idataBANK      478      478       1C       8     0
                idataBANK      38D      38D       32       8     0
                idataCOMM      511      511        1       8     0
                cstackBAN       53       53        A      20     1
                cstackCOM       70       70        6      70     1
                text111        4D5      4D5        D       8     0
                maintext       2E9      2E9       6E       8     0
                dataBANK1       A0       A0       32      A0     1
                dataBANK0       20       20       1C      20     1
                inittext       4A6      4A6       11       8     0
                clrtext        504      504        8       8     0

TOTAL           Name          Link     Load   Length     Space
        CLASS   CODE           
                end_init        12       12        3     0
                intentry         4        4        E     0
                reset_vec        0        0        3     0
                text118        357      357       36     0
                text117        43D      43D       1F     0
                text120        4EE      4EE        B     0
                text119        416      416       27     0
                text114        1E1      1E1       97     0
                text113        4F9      4F9        B     0
                text116        3EF      3EF       27     0
                text115        4C6      4C6        F     0
                text125        4B7      4B7        F     0
                text124        4E2      4E2        C     0
                text126        278      278       71     0
                text122        45C      45C       1C     0
                text121        50C      50C        5     0
                text123         15       15      1CC     0
                text112        494      494       12     0
                cinit          3BF      3BF       30     0
                idataBANK      478      478       1C     0
                idataBANK      38D      38D       32     0
                idataCOMM      511      511        1     0
                text111        4D5      4D5        D     0
                maintext       2E9      2E9       6E     0
                inittext       4A6      4A6       11     0
                clrtext        504      504        8     0

        CLASS   CONST          

        CLASS   ENTRY          

        CLASS   STRING         

        CLASS   BANK0          
                bssBANK0        3C       3C       17     1
                cstackBAN       53       53        A     1
                dataBANK0       20       20       1C     1

        CLASS   BANK1          
                dataBANK1       A0       A0       32     1

        CLASS   BANK2          

        CLASS   BANK3          

        CLASS   RAM            

        CLASS   ABS1           
                abs_s1          7E       7E        2     1

        CLASS   COMMON         
                bssCOMMON       76       76        3     1
                dataCOMMO       79       79        1     1
                cstackCOM       70       70        6     1

        CLASS   SFR0           

        CLASS   SFR1           

        CLASS   SFR2           

        CLASS   SFR3           

        CLASS   CONFIG         

        CLASS   IDLOC          

        CLASS   EEDATA         



SEGMENTS        Name            Load    Length   Top    Selector   Space  Class     Delta

                reset_vec       000000  000003  000003         0       0  CODE        2
                intentry        000004  00050E  000512         8       0  CODE        2
                dataBANK0       000020  00003D  00005D        20       1  BANK0       1
                cstackCOMMON    000070  00000A  00007A        70       1  COMMON      1
                dataBANK1       0000A0  000032  0000D2        A0       1  BANK1       1


UNUSED ADDRESS RANGES

        Name                Unused          Largest block    Delta
        BANK0            0005D-0006F              13           1
        BANK1            000D2-000EF              1E           1
        BANK2            00110-0016F              60           1
        BANK3            00190-001EF              60           1
        CODE             00003-00003               1           2
                         00512-01FFF             800
        COMMON           0007A-0007D               4           1
        CONFIG           02007-02007               1           2
        CONST            00006-00007               2           1
                         00A24-01FFF             100
        EEDATA           02100-021FF             100           2
        ENTRY            00006-00007               2           1
                         00A24-01FFF             100
        IDLOC            02000-02003               4           2
        RAM              0005D-0006F              13           1
                         000D2-000EF              1E
                         00110-0016F              60
                         00190-001EF              60
        SFR0             00000-0001F              20           1
        SFR1             00080-0009F              20           1
        SFR2             00100-0010F              10           1
        SFR3             00180-0018F              10           1
        STRING           00006-00007               2           1
                         00A24-01FFF             100

                                  Symbol Table

??_buzzer              cstackBANK0  00057
??_cmd_wr              cstackCOMMON 00072
??_data_mapping        cstackCOMMON 00070
??_data_wr             cstackCOMMON 00072
??_init                cstackCOMMON 00070
??_init_keypad         cstackCOMMON 00070
??_init_lcd            cstackCOMMON 00073
??_init_timer          cstackCOMMON 00070
??_isr_t0              cstackBANK0  00059
??_k1                  cstackBANK0  00057
??_key_release         cstackCOMMON 00070
??_lcd_delay           cstackCOMMON 00070
??_lcd_disp            cstackCOMMON 00072
??_main                cstackCOMMON 00075
??_scanner             cstackBANK0  00057
??_toggle              cstackCOMMON 00070
??i1_init_timer        cstackBANK0  00057
?_buzzer               cstackBANK0  00057
?_cmd_wr               cstackCOMMON 00074
?_data_mapping         cstackCOMMON 00072
?_data_wr              cstackCOMMON 00074
?_init                 cstackCOMMON 00070
?_init_keypad          cstackCOMMON 00070
?_init_lcd             cstackCOMMON 00075
?_init_timer           cstackCOMMON 00070
?_isr_t0               cstackBANK0  0005D
?_k1                   cstackBANK0  00057
?_key_release          cstackCOMMON 00070
?_lcd_delay            cstackCOMMON 00073
?_lcd_disp             cstackCOMMON 00074
?_main                 cstackCOMMON 00076
?_scanner              cstackBANK0  00059
?_toggle               cstackCOMMON 00070
?i1_init_timer         cstackBANK0  00057
_ACKDT                 (abs)        0048D
_ACKEN                 (abs)        0048C
_ACKSTAT               (abs)        0048E
_ADCON0                (abs)        0001F
_ADCON1                (abs)        0009F
_ADCS0                 (abs)        000FE
_ADCS1                 (abs)        000FF
_ADCS2                 (abs)        004FE
_ADDEN                 (abs)        000C3
_ADFM                  (abs)        004FF
_ADGO                  (abs)        000FA
_ADIE                  (abs)        00466
_ADIF                  (abs)        00066
_ADON                  (abs)        000F8
_ADRESH                (abs)        0001E
_ADRESL                (abs)        0009E
_BCLIE                 (abs)        0046B
_BCLIF                 (abs)        0006B
_BF                    (abs)        004A0
_BOR                   (abs)        00470
_BRGH                  (abs)        004C2
_C1INV                 (abs)        004E4
_C1OUT                 (abs)        004E6
_C2INV                 (abs)        004E5
_C2OUT                 (abs)        004E7
_CARRY                 (abs)        00018
_CCP1CON               (abs)        00017
_CCP1IE                (abs)        00462
_CCP1IF                (abs)        00062
_CCP1M0                (abs)        000B8
_CCP1M1                (abs)        000B9
_CCP1M2                (abs)        000BA
_CCP1M3                (abs)        000BB
_CCP1X                 (abs)        000BD
_CCP1Y                 (abs)        000BC
_CCP2CON               (abs)        0001D
_CCP2IE                (abs)        00468
_CCP2IF                (abs)        00068
_CCP2M0                (abs)        000E8
_CCP2M1                (abs)        000E9
_CCP2M2                (abs)        000EA
_CCP2M3                (abs)        000EB
_CCP2X                 (abs)        000ED
_CCP2Y                 (abs)        000EC
_CCPR1H                (abs)        00016
_CCPR1L                (abs)        00015
_CCPR2H                (abs)        0001C
_CCPR2L                (abs)        0001B
_CHS0                  (abs)        000FB
_CHS1                  (abs)        000FC
_CHS2                  (abs)        000FD
_CIS                   (abs)        004E3
_CKE                   (abs)        004A6
_CKP                   (abs)        000A4
_CM0                   (abs)        004E0
_CM1                   (abs)        004E1
_CM2                   (abs)        004E2
_CMCON                 (abs)        0009C
_CMIE                  (abs)        0046E
_CMIF                  (abs)        0006E
_CREN                  (abs)        000C4
_CSRC                  (abs)        004C7
_CVR0                  (abs)        004E8
_CVR1                  (abs)        004E9
_CVR2                  (abs)        004EA
_CVR3                  (abs)        004EB
_CVRCON                (abs)        0009D
_CVREN                 (abs)        004EF
_CVROE                 (abs)        004EE
_CVRR                  (abs)        004ED
_DA                    (abs)        004A5
_DC                    (abs)        00019
_EEADR                 (abs)        0010D
_EEADRH                (abs)        0010F
_EEADRL                (abs)        0010D
_EECON1                (abs)        0018C
_EECON2                (abs)        0018D
_EEDATA                (abs)        0010C
_EEDATH                (abs)        0010E
_EEIE                  (abs)        0046C
_EEIF                  (abs)        0006C
_EEPGD                 (abs)        00C67
_FERR                  (abs)        000C2
_FSR                   (abs)        00004
_GCEN                  (abs)        0048F
_GIE                   (abs)        0005F
_GODONE                (abs)        000FA
_INDF                  (abs)        00000
_INTCON                (abs)        0000B
_INTE                  (abs)        0005C
_INTEDG                (abs)        0040E
_INTF                  (abs)        00059
_IRP                   (abs)        0001F
_OERR                  (abs)        000C1
_OPTION                (abs)        00081
_PCFG0                 (abs)        004F8
_PCFG1                 (abs)        004F9
_PCFG2                 (abs)        004FA
_PCFG3                 (abs)        004FB
_PCL                   (abs)        00002
_PCLATH                (abs)        0000A
_PCON                  (abs)        0008E
_PD                    (abs)        0001B
_PEIE                  (abs)        0005E
_PEN                   (abs)        0048A
_PIE1                  (abs)        0008C
_PIE2                  (abs)        0008D
_PIR1                  (abs)        0000C
_PIR2                  (abs)        0000D
_POR                   (abs)        00471
_PORTA                 (abs)        00005
_PORTB                 (abs)        00006
_PORTC                 (abs)        00007
_PR2                   (abs)        00092
_PS0                   (abs)        00408
_PS1                   (abs)        00409
_PS2                   (abs)        0040A
_PSA                   (abs)        0040B
_RA0                   (abs)        00028
_RA1                   (abs)        00029
_RA2                   (abs)        0002A
_RA3                   (abs)        0002B
_RA4                   (abs)        0002C
_RA5                   (abs)        0002D
_RB0                   (abs)        00030
_RB1                   (abs)        00031
_RB2                   (abs)        00032
_RB3                   (abs)        00033
_RB4                   (abs)        00034
_RB5                   (abs)        00035
_RB6                   (abs)        00036
_RB7                   (abs)        00037
_RBIE                  (abs)        0005B
_RBIF                  (abs)        00058
_RBPU                  (abs)        0040F
_RC0                   (abs)        00038
_RC1                   (abs)        00039
_RC2                   (abs)        0003A
_RC3                   (abs)        0003B
_RC4                   (abs)        0003C
_RC5                   (abs)        0003D
_RC6                   (abs)        0003E
_RC7                   (abs)        0003F
_RCEN                  (abs)        0048B
_RCIE                  (abs)        00465
_RCIF                  (abs)        00065
_RCREG                 (abs)        0001A
_RCSTA                 (abs)        00018
_RD                    (abs)        00C60
_RP0                   (abs)        0001D
_RP1                   (abs)        0001E
_RSEN                  (abs)        00489
_RW                    (abs)        004A2
_RX9                   (abs)        000C6
_RX9D                  (abs)        000C0
_SEN                   (abs)        00488
_SMP                   (abs)        004A7
_SPBRG                 (abs)        00099
_SPEN                  (abs)        000C7
_SREN                  (abs)        000C5
_SSPADD                (abs)        00093
_SSPBUF                (abs)        00013
_SSPCON                (abs)        00014
_SSPCON2               (abs)        00091
_SSPEN                 (abs)        000A5
_SSPIE                 (abs)        00463
_SSPIF                 (abs)        00063
_SSPM0                 (abs)        000A0
_SSPM1                 (abs)        000A1
_SSPM2                 (abs)        000A2
_SSPM3                 (abs)        000A3
_SSPOV                 (abs)        000A6
_SSPSTAT               (abs)        00094
_START                 (abs)        004A3
_STATUS                (abs)        00003
_STOP                  (abs)        004A4
_SYNC                  (abs)        004C4
_T0CS                  (abs)        0040D
_T0IE                  (abs)        0005D
_T0IF                  (abs)        0005A
_T0SE                  (abs)        0040C
_T1CKPS0               (abs)        00084
_T1CKPS1               (abs)        00085
_T1CON                 (abs)        00010
_T1OSCEN               (abs)        00083
_T1SYNC                (abs)        00082
_T2CKPS0               (abs)        00090
_T2CKPS1               (abs)        00091
_T2CON                 (abs)        00012
_TMR0                  (abs)        00001
_TMR0IE                (abs)        0005D
_TMR0IF                (abs)        0005A
_TMR1CS                (abs)        00081
_TMR1H                 (abs)        0000F
_TMR1IE                (abs)        00460
_TMR1IF                (abs)        00060
_TMR1L                 (abs)        0000E
_TMR1ON                (abs)        00080
_TMR2                  (abs)        00011
_TMR2IE                (abs)        00461
_TMR2IF                (abs)        00061
_TMR2ON                (abs)        00092
_TO                    (abs)        0001C
_TOUTPS0               (abs)        00093
_TOUTPS1               (abs)        00094
_TOUTPS2               (abs)        00095
_TOUTPS3               (abs)        00096
_TRISA                 (abs)        00085
_TRISA0                (abs)        00428
_TRISA1                (abs)        00429
_TRISA2                (abs)        0042A
_TRISA3                (abs)        0042B
_TRISA4                (abs)        0042C
_TRISA5                (abs)        0042D
_TRISB                 (abs)        00086
_TRISB0                (abs)        00430
_TRISB1                (abs)        00431
_TRISB2                (abs)        00432
_TRISB3                (abs)        00433
_TRISB4                (abs)        00434
_TRISB5                (abs)        00435
_TRISB6                (abs)        00436
_TRISB7                (abs)        00437
_TRISC                 (abs)        00087
_TRISC0                (abs)        00438
_TRISC1                (abs)        00439
_TRISC2                (abs)        0043A
_TRISC3                (abs)        0043B
_TRISC4                (abs)        0043C
_TRISC5                (abs)        0043D
_TRISC6                (abs)        0043E
_TRISC7                (abs)        0043F
_TRMT                  (abs)        004C1
_TX9                   (abs)        004C6
_TX9D                  (abs)        004C0
_TXEN                  (abs)        004C5
_TXIE                  (abs)        00464
_TXIF                  (abs)        00064
_TXREG                 (abs)        00019
_TXSTA                 (abs)        00098
_UA                    (abs)        004A1
_WCOL                  (abs)        000A7
_WR                    (abs)        00C61
_WREN                  (abs)        00C62
_WRERR                 (abs)        00C63
_ZERO                  (abs)        0001A
__Babs1                abs1         04200
__Bbank0               bank0        04200
__Bbank1               bank1        04200
__Bbank2               bank2        04200
__Bbank3               bank3        04200
__Bclrtext             clrtext      04200
__Bcode                code         04200
__Bcommon              common       04200
__Beeprom_data         eeprom_data  02100
__Bptbit_0             ptbit_0      04200
__Bram                 ram          04200
__Bsfr0                sfr0         04200
__Bsfr1                sfr1         04200
__Bsfr2                sfr2         04200
__Bsfr3                sfr3         04200
__Bstrings             strings      04200
__Btext                text         04200
__Habs1                abs1         00000
__Hbank0               bank0        00000
__Hbank1               bank1        00000
__Hbank2               bank2        00000
__Hbank3               bank3        00000
__HbssBANK0            bssBANK0     04200
__HbssCOMMON           bssCOMMON    04200
__Hcinit               cinit        04200
__Hclrtext             clrtext      00000
__Hcode                code         00000
__Hcommon              common       00000
__Hconfig              config       02007
__HcstackBANK0         cstackBANK0  04200
__HcstackCOMMON        cstackCOMMON 04200
__HdataBANK0           dataBANK0    04200
__HdataBANK1           dataBANK1    04200
__HdataCOMMON          dataCOMMON   04200
__Heeprom_data         eeprom_data  00000
__Hend_init            end_init     00015
__HidataBANK0          idataBANK0   04200
__HidataBANK1          idataBANK1   04200
__HidataCOMMON         idataCOMMON  04200
__Hidloc               idloc        02000
__Hinit                init         00012
__Hinittext            inittext     04200
__Hintentry            intentry     00012
__Hintsave             intsave      04200
__Hmaintext            maintext     04200
__Hpowerup             powerup      00015
__Hptbit_0             ptbit_0      21000
__Hram                 ram          00000
__Hreset_vec           reset_vec    00003
__Hsfr0                sfr0         00000
__Hsfr1                sfr1         00000
__Hsfr2                sfr2         00000
__Hsfr3                sfr3         00000
__Hstrings             strings      00000
__Hstruct              struct       0005D
__Htemp                temp         0005D
__Htext                text         00000
__Labs1                abs1         00000
__Lbank0               bank0        00000
__Lbank1               bank1        00000
__Lbank2               bank2        00000
__Lbank3               bank3        00000
__LbssBANK0            bssBANK0     04200
__LbssCOMMON           bssCOMMON    04200
__Lcinit               cinit        04200
__Lclrtext             clrtext      00000
__Lcode                code         00000
__Lcommon              common       00000
__Lconfig              config       02007
__LcstackBANK0         cstackBANK0  04200
__LcstackCOMMON        cstackCOMMON 04200
__LdataBANK0           dataBANK0    04200
__LdataBANK1           dataBANK1    04200
__LdataCOMMON          dataCOMMON   04200
__Leeprom_data         eeprom_data  00000
__Lend_init            end_init     00012
__LidataBANK0          idataBANK0   04200
__LidataBANK1          idataBANK1   04200
__LidataCOMMON         idataCOMMON  04200
__Lidloc               idloc        02000
__Linit                init         00012
__Linittext            inittext     04200
__Lintentry            intentry     00004
__Lintsave             intsave      04200
__Lmaintext            maintext     04200
__Lpowerup             powerup      00015
__Lptbit_0             ptbit_0      21000
__Lram                 ram          00000
__Lreset_vec           reset_vec    00000
__Lsfr0                sfr0         00000
__Lsfr1                sfr1         00000
__Lsfr2                sfr2         00000
__Lsfr3                sfr3         00000
__Lstrings             strings      00000
__Lstruct              struct       0005D
__Ltemp                temp         0005D
__Ltext                text         00000
__S0                   (abs)        02007
__S1                   (abs)        00190
__S2                   (abs)        02100
__end_of_buzzer        text124      004EE
__end_of_cmd_wr        text119      0043D
__end_of_data_mapping  text120      004F9
__end_of_data_wr       text116      00416
__end_of_init          text113      00504
__end_of_init_keypad   text117      0045C
__end_of_init_lcd      text114      00278
__end_of_init_timer    text115      004D5
__end_of_isr_t0        text122      00478
__end_of_k1            text126      002E9
__end_of_key_release   text112      004A6
__end_of_lcd_delay     text118      0038D
__end_of_lcd_disp      text111      004E2
__end_of_main          maintext     00357
__end_of_scanner       text123      001E1
__end_of_toggle        text121      00511
__end_ofi1_init_timer  text125      004C6
__pbssBANK0            bssBANK0     0003C
__pbssCOMMON           bssCOMMON    00076
__pcstackBANK0         cstackBANK0  00053
__pcstackCOMMON        cstackCOMMON 00070
__pdataBANK0           dataBANK0    00020
__pdataBANK1           dataBANK1    000A0
__pdataCOMMON          dataCOMMON   00079
__pidataBANK0          idataBANK0   00478
__pidataBANK1          idataBANK1   0038D
__pidataCOMMON         idataCOMMON  00511
__pintentry            intentry     00004
__pmaintext            maintext     002E9
__ptext111             text111      004D5
__ptext112             text112      00494
__ptext113             text113      004F9
__ptext114             text114      001E1
__ptext115             text115      004C6
__ptext116             text116      003EF
__ptext117             text117      0043D
__ptext118             text118      00357
__ptext119             text119      00416
__ptext120             text120      004EE
__ptext121             text121      0050C
__ptext122             text122      0045C
__ptext123             text123      00015
__ptext124             text124      004E2
__ptext125             text125      004B7
__ptext126             text126      00278
__ptext127             text127      00512
__size_of_buzzer       (abs)        00000
__size_of_cmd_wr       (abs)        00000
__size_of_data_mapping (abs)        00000
__size_of_data_wr      (abs)        00000
__size_of_init         (abs)        00000
__size_of_init_keypad  (abs)        00000
__size_of_init_lcd     (abs)        00000
__size_of_init_timer   (abs)        00000
__size_of_isr_t0       (abs)        00000
__size_of_k1           (abs)        00000
__size_of_key_release  (abs)        00000
__size_of_lcd_delay    (abs)        00000
__size_of_lcd_disp     (abs)        00000
__size_of_main         (abs)        00000
__size_of_scanner      (abs)        00000
__size_of_toggle       (abs)        00000
__size_ofi1_init_timer (abs)        00000
_a                     bssBANK0     0003C
_ascii_tab             dataBANK0    00020
_buzzer                text124      004E2
_c                     bssBANK0     0003E
_cmd_data              bssCOMMON    00078
_cmd_wr                text119      00416
_cnt                   dataBANK1    000A0
_data_mapping          text120      004EE
_data_wr               text116      003EF
_dcount                bssCOMMON    00076
_disp                  dataBANK1    000B9
_disp_data             bssBANK0     00052
_ds1                   dataCOMMON   00079
_ds2                   dataBANK0    00039
_ds3                   dataBANK0    0003A
_ds4                   dataBANK0    0003B
_exit                  init         00012
_i                     bssBANK0     00040
_init                  text113      004F9
_init_keypad           text117      0043D
_init_lcd              text114      001E1
_init_timer            text115      004C6
_isr_t0                text122      0045C
_k                     bssBANK0     00042
_k1                    text126      00278
_key_code              bssBANK0     00044
_key_ready             bssBANK0     00046
_key_release           text112      00494
_krcount               bssBANK0     00048
_lcd_delay             text118      00357
_lcd_disp              text111      004D5
_main                  maintext     002E9
_nkp                   bssBANK0     0004A
_scan_no               bssBANK0     0004C
_scanner               text123      00015
_start_buzzer          bssBANK0     0004E
_tb                    bssBANK0     00050
_toggle                text121      0050C
btemp                  (abs)        0007E
clear_ram              clrtext      00504
cmd_wr@var_data        cstackCOMMON 00073
data_mapping@var_data1 cstackCOMMON 00071
data_wr@var_data       cstackCOMMON 00073
end_of_initialization  cinit        003EB
i1_init_timer          text125      004B7
init_fetch             inittext     004A6
init_ram               inittext     004AA
interrupt_function     intentry     00004
intlevel0              intentry     00004
intlevel1              intentry     00004
intlevel2              intentry     00004
intlevel3              intentry     00004
intlevel4              intentry     00004
intlevel5              intentry     00004
lcd_delay@i            cstackBANK0  00053
lcd_delay@j            cstackBANK0  00055
lcd_delay@x            cstackCOMMON 00073
reset_vec              reset_vec    00000
saved_w                (abs)        0007F
start                  init         00012
start_initialization   cinit        003BF
