<html>
<body>
<pre>
<h1>µVision3 Build Log</h1>
<h2>Project:</h2>
D:\ABHISHEK JOSHI\ARM\T6\T6.uv2
Project File Date:  01/01/2002

<h2>Output:</h2>
Build target 'Target 1'
assembling Startup.s...
compiling T6.C...
linking...
Program Size: Code=1304 RO-data=16400 RW-data=0 ZI-data=1256  
FromELF: creating hex file...
"T6.axf" - 0 Error(s), 0 Warning(s).
Build target 'Target 1'
assembling Startup.s...
compiling T6.C...
linking...
Program Size: Code=1304 RO-data=16400 RW-data=0 ZI-data=1256  
FromELF: creating hex file...
"T6.axf" - 0 Error(s), 0 Warning(s).
Build target 'Target 1'
assembling Startup.s...
compiling T6.C...
linking...
Program Size: Code=1304 RO-data=16400 RW-data=0 ZI-data=1256  
FromELF: creating hex file...
"T6.axf" - 0 Error(s), 0 Warning(s).
Build target 'Target 1'
assembling Startup.s...
compiling T6.C...
linking...
Program Size: Code=1304 RO-data=16400 RW-data=0 ZI-data=1256  
FromELF: creating hex file...
"T6.axf" - 0 Error(s), 0 Warning(s).
Build target 'Target 1'
assembling Startup.s...
compiling T6.C...
linking...
Program Size: Code=1304 RO-data=16400 RW-data=0 ZI-data=1256  
FromELF: creating hex file...
"T6.axf" - 0 Error(s), 0 Warning(s).
Build target 'Target 1'
assembling Startup.s...
compiling T6.C...
linking...
Program Size: Code=1312 RO-data=16400 RW-data=0 ZI-data=1256  
FromELF: creating hex file...
"T6.axf" - 0 Error(s), 0 Warning(s).
Build target 'Target 1'
assembling Startup.s...
compiling T6.C...
linking...
Program Size: Code=1312 RO-data=16400 RW-data=0 ZI-data=1256  
FromELF: creating hex file...
"T6.axf" - 0 Error(s), 0 Warning(s).
</pre>
</body>
</html>
