HI-TECH Software C Compiler 

Linker command line:

--edf=C:\Program Files\HI-TECH Software\PICC\9.70\dat\en_msgs.txt -cs \
  -h+UART T9.sym -z -Q16F876A -ol.obj -MUART T9.map -E1 -ACODE=00h-07FFhx4 \
  -ACONST=00h-0FFhx32 -AENTRY=00h-0FFhx32 -ASTRING=00h-0FFhx32 \
  -ABANK0=020h-06Fh -ABANK1=0A0h-0EFh -ABANK2=0110h-016Fh \
  -ABANK3=0190h-01EFh -ARAM=020h-06Fh,0A0h-0EFh,0110h-016Fh,0190h-01EFh \
  -AABS1=020h-07Fh,0A0h-0EFh,0110h-016Fh,0190h-01EFh -ACOMMON=070h-07Fh \
  -ASFR0=00h-01Fh -ASFR1=080h-09Fh -ASFR2=0100h-010Fh -ASFR3=0180h-018Fh \
  -preset_vec=00h,intentry=04h,init,end_init -ppowerup=CODE \
  -ACONFIG=02007h-02007h -pconfig=CONFIG -DCONFIG=2 -AIDLOC=02000h-02003h \
  -pidloc=IDLOC -DIDLOC=2 -AEEDATA=00h-0FFh/02100h -peeprom_data=EEDATA \
  -DEEDATA=2 -DCODE=2 -k startup.obj UART T9.obj 

Object code version is 3.10

Machine type is 16F876A



                Name          Link     Load   Length Selector   Space       Scale
startup.obj     end_init        12       12        3       8     0
                reset_vec        0        0        3       0     0
UART T9.obj     intentry         4        4        E       8     0
                text111        2C3      2C3       34       8     0
                text110        40F      40F        B       8     0
                text113        3CE      3CE        F       8     0
                text112        357      357       1F       8     0
                text107        3EC      3EC        C       8     0
                maintext       250      250       3E       8     0
                text109        41A      41A        A       8     0
                text108        3AB      3AB       12       8     0
                text114        328      328       2F       8     0
                text119        3DD      3DD        F       8     0
                text118        3F8      3F8        C       8     0
                text120        1DF      1DF       71       8     0
                text116        376      376       1C       8     0
                text115        404      404        B       8     0
                text117         15       15      1CA       8     0
                nvCOMMON        79       79        2      70     1
                nvBANK0         6B       6B        2      20     1
                bssCOMMON       75       75        4      70     1
                cinit          2F7      2F7       31       8     0
                idataBANK      28E      28E       35       8     0
                idataBANK      392      392       19       8     0
                idataCOMM      42C      42C        1       8     0
                dataCOMMO       7B       7B        1      70     1
                cstackBAN       B9       B9        4      A0     1
                inittext       3BD      3BD       11       8     0
                cstackBAN       67       67        4      20     1
                cstackCOM       70       70        5      70     1
                dataBANK0       20       20       35      20     1
                bssBANK0        55       55       12      20     1
                clrtext        424      424        8       8     0
                dataBANK1       A0       A0       19      A0     1

TOTAL           Name          Link     Load   Length     Space
        CLASS   CODE           
                end_init        12       12        3     0
                intentry         4        4        E     0
                reset_vec        0        0        3     0
                text111        2C3      2C3       34     0
                text110        40F      40F        B     0
                text113        3CE      3CE        F     0
                text112        357      357       1F     0
                text107        3EC      3EC        C     0
                maintext       250      250       3E     0
                text109        41A      41A        A     0
                text108        3AB      3AB       12     0
                text114        328      328       2F     0
                text119        3DD      3DD        F     0
                text118        3F8      3F8        C     0
                text120        1DF      1DF       71     0
                text116        376      376       1C     0
                text115        404      404        B     0
                text117         15       15      1CA     0
                cinit          2F7      2F7       31     0
                idataBANK      28E      28E       35     0
                idataBANK      392      392       19     0
                idataCOMM      42C      42C        1     0
                inittext       3BD      3BD       11     0
                clrtext        424      424        8     0

        CLASS   CONST          

        CLASS   ENTRY          

        CLASS   STRING         

        CLASS   BANK0          
                nvBANK0         6B       6B        2     1
                cstackBAN       67       67        4     1
                dataBANK0       20       20       35     1
                bssBANK0        55       55       12     1

        CLASS   BANK1          
                cstackBAN       B9       B9        4     1
                dataBANK1       A0       A0       19     1

        CLASS   BANK2          

        CLASS   BANK3          

        CLASS   RAM            

        CLASS   ABS1           
                abs_s1          7E       7E        2     1

        CLASS   COMMON         
                nvCOMMON        79       79        2     1
                bssCOMMON       75       75        4     1
                dataCOMMO       7B       7B        1     1
                cstackCOM       70       70        5     1

        CLASS   SFR0           

        CLASS   SFR1           

        CLASS   SFR2           

        CLASS   SFR3           

        CLASS   CONFIG         

        CLASS   IDLOC          

        CLASS   EEDATA         



SEGMENTS        Name            Load    Length   Top    Selector   Space  Class     Delta

                reset_vec       000000  000003  000003         0       0  CODE        2
                intentry        000004  000429  00042D         8       0  CODE        2
                dataBANK0       000020  00004D  00006D        20       1  BANK0       1
                cstackCOMMON    000070  00000C  00007C        70       1  COMMON      1
                dataBANK1       0000A0  00001D  0000BD        A0       1  BANK1       1


UNUSED ADDRESS RANGES

        Name                Unused          Largest block    Delta
        BANK0            0006D-0006F               3           1
        BANK1            000BD-000EF              33           1
        BANK2            00110-0016F              60           1
        BANK3            00190-001EF              60           1
        CODE             00003-00003               1           2
                         0042D-01FFF             800
        COMMON           0007C-0007D               2           1
        CONFIG           02007-02007               1           2
        CONST            00006-00007               2           1
                         0085A-01FFF             100
        EEDATA           02100-021FF             100           2
        ENTRY            00006-00007               2           1
                         0085A-01FFF             100
        IDLOC            02000-02003               4           2
        RAM              0006D-0006F               3           1
                         000BD-000EF              33
                         00110-0016F              60
                         00190-001EF              60
        SFR0             00000-0001F              20           1
        SFR1             00080-0009F              20           1
        SFR2             00100-0010F              10           1
        SFR3             00180-0018F              10           1
        STRING           00006-00007               2           1
                         0085A-01FFF             100

                                  Symbol Table

??_buzzer              cstackBANK0  00069
??_home_screen         cstackCOMMON 00071
??_init                cstackCOMMON 00070
??_init_keypad         cstackCOMMON 00070
??_init_timer          cstackCOMMON 00070
??_init_uart           cstackCOMMON 00070
??_isr_t0              cstackBANK1  000B9
??_k1                  cstackBANK0  00069
??_key_release         cstackCOMMON 00070
??_main                cstackCOMMON 00071
??_scanner             cstackBANK0  00069
??_tx                  cstackCOMMON 00070
??_uart_delay          cstackCOMMON 00070
??_uart_disp           cstackCOMMON 00071
??i1_init_timer        cstackBANK0  00069
?_buzzer               cstackBANK0  00069
?_home_screen          cstackCOMMON 00075
?_init                 cstackCOMMON 00070
?_init_keypad          cstackCOMMON 00070
?_init_timer           cstackCOMMON 00070
?_init_uart            cstackCOMMON 00070
?_isr_t0               cstackBANK1  000BD
?_k1                   cstackBANK1  000B9
?_key_release          cstackCOMMON 00070
?_main                 cstackCOMMON 00075
?_scanner              cstackBANK1  000B9
?_tx                   cstackCOMMON 00071
?_uart_delay           cstackBANK0  00067
?_uart_disp            cstackCOMMON 00075
?i1_init_timer         cstackBANK0  00069
_ACKDT                 (abs)        0048D
_ACKEN                 (abs)        0048C
_ACKSTAT               (abs)        0048E
_ADCON0                (abs)        0001F
_ADCON1                (abs)        0009F
_ADCS0                 (abs)        000FE
_ADCS1                 (abs)        000FF
_ADCS2                 (abs)        004FE
_ADDEN                 (abs)        000C3
_ADFM                  (abs)        004FF
_ADGO                  (abs)        000FA
_ADIE                  (abs)        00466
_ADIF                  (abs)        00066
_ADON                  (abs)        000F8
_ADRESH                (abs)        0001E
_ADRESL                (abs)        0009E
_BCLIE                 (abs)        0046B
_BCLIF                 (abs)        0006B
_BF                    (abs)        004A0
_BOR                   (abs)        00470
_BRGH                  (abs)        004C2
_C1INV                 (abs)        004E4
_C1OUT                 (abs)        004E6
_C2INV                 (abs)        004E5
_C2OUT                 (abs)        004E7
_CARRY                 (abs)        00018
_CCP1CON               (abs)        00017
_CCP1IE                (abs)        00462
_CCP1IF                (abs)        00062
_CCP1M0                (abs)        000B8
_CCP1M1                (abs)        000B9
_CCP1M2                (abs)        000BA
_CCP1M3                (abs)        000BB
_CCP1X                 (abs)        000BD
_CCP1Y                 (abs)        000BC
_CCP2CON               (abs)        0001D
_CCP2IE                (abs)        00468
_CCP2IF                (abs)        00068
_CCP2M0                (abs)        000E8
_CCP2M1                (abs)        000E9
_CCP2M2                (abs)        000EA
_CCP2M3                (abs)        000EB
_CCP2X                 (abs)        000ED
_CCP2Y                 (abs)        000EC
_CCPR1H                (abs)        00016
_CCPR1L                (abs)        00015
_CCPR2H                (abs)        0001C
_CCPR2L                (abs)        0001B
_CHS0                  (abs)        000FB
_CHS1                  (abs)        000FC
_CHS2                  (abs)        000FD
_CIS                   (abs)        004E3
_CKE                   (abs)        004A6
_CKP                   (abs)        000A4
_CM0                   (abs)        004E0
_CM1                   (abs)        004E1
_CM2                   (abs)        004E2
_CMCON                 (abs)        0009C
_CMIE                  (abs)        0046E
_CMIF                  (abs)        0006E
_CREN                  (abs)        000C4
_CSRC                  (abs)        004C7
_CVR0                  (abs)        004E8
_CVR1                  (abs)        004E9
_CVR2                  (abs)        004EA
_CVR3                  (abs)        004EB
_CVRCON                (abs)        0009D
_CVREN                 (abs)        004EF
_CVROE                 (abs)        004EE
_CVRR                  (abs)        004ED
_DA                    (abs)        004A5
_DC                    (abs)        00019
_EEADR                 (abs)        0010D
_EEADRH                (abs)        0010F
_EEADRL                (abs)        0010D
_EECON1                (abs)        0018C
_EECON2                (abs)        0018D
_EEDATA                (abs)        0010C
_EEDATH                (abs)        0010E
_EEIE                  (abs)        0046C
_EEIF                  (abs)        0006C
_EEPGD                 (abs)        00C67
_FERR                  (abs)        000C2
_FSR                   (abs)        00004
_GCEN                  (abs)        0048F
_GIE                   (abs)        0005F
_GODONE                (abs)        000FA
_INDF                  (abs)        00000
_INTCON                (abs)        0000B
_INTE                  (abs)        0005C
_INTEDG                (abs)        0040E
_INTF                  (abs)        00059
_IRP                   (abs)        0001F
_OERR                  (abs)        000C1
_OPTION                (abs)        00081
_PCFG0                 (abs)        004F8
_PCFG1                 (abs)        004F9
_PCFG2                 (abs)        004FA
_PCFG3                 (abs)        004FB
_PCL                   (abs)        00002
_PCLATH                (abs)        0000A
_PCON                  (abs)        0008E
_PD                    (abs)        0001B
_PEIE                  (abs)        0005E
_PEN                   (abs)        0048A
_PIE1                  (abs)        0008C
_PIE2                  (abs)        0008D
_PIR1                  (abs)        0000C
_PIR2                  (abs)        0000D
_POR                   (abs)        00471
_PORTA                 (abs)        00005
_PORTB                 (abs)        00006
_PORTC                 (abs)        00007
_PR2                   (abs)        00092
_PS0                   (abs)        00408
_PS1                   (abs)        00409
_PS2                   (abs)        0040A
_PSA                   (abs)        0040B
_RA0                   (abs)        00028
_RA1                   (abs)        00029
_RA2                   (abs)        0002A
_RA3                   (abs)        0002B
_RA4                   (abs)        0002C
_RA5                   (abs)        0002D
_RB0                   (abs)        00030
_RB1                   (abs)        00031
_RB2                   (abs)        00032
_RB3                   (abs)        00033
_RB4                   (abs)        00034
_RB5                   (abs)        00035
_RB6                   (abs)        00036
_RB7                   (abs)        00037
_RBIE                  (abs)        0005B
_RBIF                  (abs)        00058
_RBPU                  (abs)        0040F
_RC0                   (abs)        00038
_RC1                   (abs)        00039
_RC2                   (abs)        0003A
_RC3                   (abs)        0003B
_RC4                   (abs)        0003C
_RC5                   (abs)        0003D
_RC6                   (abs)        0003E
_RC7                   (abs)        0003F
_RCEN                  (abs)        0048B
_RCIE                  (abs)        00465
_RCIF                  (abs)        00065
_RCREG                 (abs)        0001A
_RCSTA                 (abs)        00018
_RD                    (abs)        00C60
_RP0                   (abs)        0001D
_RP1                   (abs)        0001E
_RSEN                  (abs)        00489
_RW                    (abs)        004A2
_RX9                   (abs)        000C6
_RX9D                  (abs)        000C0
_SEN                   (abs)        00488
_SMP                   (abs)        004A7
_SPBRG                 (abs)        00099
_SPEN                  (abs)        000C7
_SREN                  (abs)        000C5
_SSPADD                (abs)        00093
_SSPBUF                (abs)        00013
_SSPCON                (abs)        00014
_SSPCON2               (abs)        00091
_SSPEN                 (abs)        000A5
_SSPIE                 (abs)        00463
_SSPIF                 (abs)        00063
_SSPM0                 (abs)        000A0
_SSPM1                 (abs)        000A1
_SSPM2                 (abs)        000A2
_SSPM3                 (abs)        000A3
_SSPOV                 (abs)        000A6
_SSPSTAT               (abs)        00094
_START                 (abs)        004A3
_STATUS                (abs)        00003
_STOP                  (abs)        004A4
_SYNC                  (abs)        004C4
_T0CS                  (abs)        0040D
_T0IE                  (abs)        0005D
_T0IF                  (abs)        0005A
_T0SE                  (abs)        0040C
_T1CKPS0               (abs)        00084
_T1CKPS1               (abs)        00085
_T1CON                 (abs)        00010
_T1OSCEN               (abs)        00083
_T1SYNC                (abs)        00082
_T2CKPS0               (abs)        00090
_T2CKPS1               (abs)        00091
_T2CON                 (abs)        00012
_TMR0                  (abs)        00001
_TMR0IE                (abs)        0005D
_TMR0IF                (abs)        0005A
_TMR1CS                (abs)        00081
_TMR1H                 (abs)        0000F
_TMR1IE                (abs)        00460
_TMR1IF                (abs)        00060
_TMR1L                 (abs)        0000E
_TMR1ON                (abs)        00080
_TMR2                  (abs)        00011
_TMR2IE                (abs)        00461
_TMR2IF                (abs)        00061
_TMR2ON                (abs)        00092
_TO                    (abs)        0001C
_TOUTPS0               (abs)        00093
_TOUTPS1               (abs)        00094
_TOUTPS2               (abs)        00095
_TOUTPS3               (abs)        00096
_TRISA                 (abs)        00085
_TRISA0                (abs)        00428
_TRISA1                (abs)        00429
_TRISA2                (abs)        0042A
_TRISA3                (abs)        0042B
_TRISA4                (abs)        0042C
_TRISA5                (abs)        0042D
_TRISB                 (abs)        00086
_TRISB0                (abs)        00430
_TRISB1                (abs)        00431
_TRISB2                (abs)        00432
_TRISB3                (abs)        00433
_TRISB4                (abs)        00434
_TRISB5                (abs)        00435
_TRISB6                (abs)        00436
_TRISB7                (abs)        00437
_TRISC                 (abs)        00087
_TRISC0                (abs)        00438
_TRISC1                (abs)        00439
_TRISC2                (abs)        0043A
_TRISC3                (abs)        0043B
_TRISC4                (abs)        0043C
_TRISC5                (abs)        0043D
_TRISC6                (abs)        0043E
_TRISC7                (abs)        0043F
_TRMT                  (abs)        004C1
_TX9                   (abs)        004C6
_TX9D                  (abs)        004C0
_TXEN                  (abs)        004C5
_TXIE                  (abs)        00464
_TXIF                  (abs)        00064
_TXREG                 (abs)        00019
_TXSTA                 (abs)        00098
_UA                    (abs)        004A1
_WCOL                  (abs)        000A7
_WR                    (abs)        00C61
_WREN                  (abs)        00C62
_WRERR                 (abs)        00C63
_ZERO                  (abs)        0001A
__Babs1                abs1         04200
__Bbank0               bank0        04200
__Bbank1               bank1        04200
__Bbank2               bank2        04200
__Bbank3               bank3        04200
__Bclrtext             clrtext      04200
__Bcode                code         04200
__Bcommon              common       04200
__Beeprom_data         eeprom_data  02100
__Bptbit_0             ptbit_0      04200
__Bram                 ram          04200
__Bsfr0                sfr0         04200
__Bsfr1                sfr1         04200
__Bsfr2                sfr2         04200
__Bsfr3                sfr3         04200
__Bstrings             strings      04200
__Btext                text         04200
__Habs1                abs1         00000
__Hbank0               bank0        00000
__Hbank1               bank1        00000
__Hbank2               bank2        00000
__Hbank3               bank3        00000
__HbssBANK0            bssBANK0     04200
__HbssCOMMON           bssCOMMON    04200
__Hcinit               cinit        04200
__Hclrtext             clrtext      00000
__Hcode                code         00000
__Hcommon              common       00000
__Hconfig              config       02007
__HcstackBANK0         cstackBANK0  04200
__HcstackBANK1         cstackBANK1  04200
__HcstackCOMMON        cstackCOMMON 04200
__HdataBANK0           dataBANK0    04200
__HdataBANK1           dataBANK1    04200
__HdataCOMMON          dataCOMMON   04200
__Heeprom_data         eeprom_data  00000
__Hend_init            end_init     00015
__HidataBANK0          idataBANK0   04200
__HidataBANK1          idataBANK1   04200
__HidataCOMMON         idataCOMMON  04200
__Hidloc               idloc        02000
__Hinit                init         00012
__Hinittext            inittext     04200
__Hintentry            intentry     00012
__Hintsave             intsave      04200
__Hmaintext            maintext     04200
__HnvBANK0             nvBANK0      04200
__HnvCOMMON            nvCOMMON     04200
__Hpowerup             powerup      00015
__Hptbit_0             ptbit_0      21000
__Hram                 ram          00000
__Hreset_vec           reset_vec    00003
__Hsfr0                sfr0         00000
__Hsfr1                sfr1         00000
__Hsfr2                sfr2         00000
__Hsfr3                sfr3         00000
__Hstrings             strings      00000
__Hstruct              struct       0006D
__Htemp                temp         0006D
__Htext                text         00000
__Labs1                abs1         00000
__Lbank0               bank0        00000
__Lbank1               bank1        00000
__Lbank2               bank2        00000
__Lbank3               bank3        00000
__LbssBANK0            bssBANK0     04200
__LbssCOMMON           bssCOMMON    04200
__Lcinit               cinit        04200
__Lclrtext             clrtext      00000
__Lcode                code         00000
__Lcommon              common       00000
__Lconfig              config       02007
__LcstackBANK0         cstackBANK0  04200
__LcstackBANK1         cstackBANK1  04200
__LcstackCOMMON        cstackCOMMON 04200
__LdataBANK0           dataBANK0    04200
__LdataBANK1           dataBANK1    04200
__LdataCOMMON          dataCOMMON   04200
__Leeprom_data         eeprom_data  00000
__Lend_init            end_init     00012
__LidataBANK0          idataBANK0   04200
__LidataBANK1          idataBANK1   04200
__LidataCOMMON         idataCOMMON  04200
__Lidloc               idloc        02000
__Linit                init         00012
__Linittext            inittext     04200
__Lintentry            intentry     00004
__Lintsave             intsave      04200
__Lmaintext            maintext     04200
__LnvBANK0             nvBANK0      04200
__LnvCOMMON            nvCOMMON     04200
__Lpowerup             powerup      00015
__Lptbit_0             ptbit_0      21000
__Lram                 ram          00000
__Lreset_vec           reset_vec    00000
__Lsfr0                sfr0         00000
__Lsfr1                sfr1         00000
__Lsfr2                sfr2         00000
__Lsfr3                sfr3         00000
__Lstrings             strings      00000
__Lstruct              struct       0006D
__Ltemp                temp         0006D
__Ltext                text         00000
__S0                   (abs)        02007
__S1                   (abs)        00190
__S2                   (abs)        02100
__end_of_buzzer        text118      00404
__end_of_home_screen   text111      002F7
__end_of_init          text110      0041A
__end_of_init_keypad   text112      00376
__end_of_init_timer    text113      003DD
__end_of_init_uart     text109      00424
__end_of_isr_t0        text116      00392
__end_of_k1            text120      00250
__end_of_key_release   text108      003BD
__end_of_main          maintext     0028E
__end_of_scanner       text117      001DF
__end_of_tx            text115      0040F
__end_of_uart_delay    text114      00357
__end_of_uart_disp     text107      003F8
__end_ofi1_init_timer  text119      003EC
__pbssBANK0            bssBANK0     00055
__pbssCOMMON           bssCOMMON    00075
__pcstackBANK0         cstackBANK0  00067
__pcstackBANK1         cstackBANK1  000B9
__pcstackCOMMON        cstackCOMMON 00070
__pdataBANK0           dataBANK0    00020
__pdataBANK1           dataBANK1    000A0
__pdataCOMMON          dataCOMMON   0007B
__pidataBANK0          idataBANK0   0028E
__pidataBANK1          idataBANK1   00392
__pidataCOMMON         idataCOMMON  0042C
__pintentry            intentry     00004
__pmaintext            maintext     00250
__pnvBANK0             nvBANK0      0006B
__pnvCOMMON            nvCOMMON     00079
__ptext107             text107      003EC
__ptext108             text108      003AB
__ptext109             text109      0041A
__ptext110             text110      0040F
__ptext111             text111      002C3
__ptext112             text112      00357
__ptext113             text113      003CE
__ptext114             text114      00328
__ptext115             text115      00404
__ptext116             text116      00376
__ptext117             text117      00015
__ptext118             text118      003F8
__ptext119             text119      003DD
__ptext120             text120      001DF
__ptext121             text121      0042D
__size_of_buzzer       (abs)        00000
__size_of_home_screen  (abs)        00000
__size_of_init         (abs)        00000
__size_of_init_keypad  (abs)        00000
__size_of_init_timer   (abs)        00000
__size_of_init_uart    (abs)        00000
__size_of_isr_t0       (abs)        00000
__size_of_k1           (abs)        00000
__size_of_key_release  (abs)        00000
__size_of_main         (abs)        00000
__size_of_scanner      (abs)        00000
__size_of_tx           (abs)        00000
__size_of_uart_delay   (abs)        00000
__size_of_uart_disp    (abs)        00000
__size_ofi1_init_timer (abs)        00000
_a                     bssBANK0     00055
_ascii_tab             dataBANK0    00020
_buzzer                text118      003F8
_c                     bssCOMMON    00075
_cmd_data              bssBANK0     00065
_cnt                   dataBANK1    000A0
_dcount                nvCOMMON     00079
_disp                  dataBANK0    00039
_disp_data             bssBANK0     00066
_ds1                   dataCOMMON   0007B
_ds2                   dataBANK0    00052
_ds3                   dataBANK0    00053
_ds4                   dataBANK0    00054
_exit                  init         00012
_home_screen           text111      002C3
_i                     bssBANK0     00057
_init                  text110      0040F
_init_keypad           text112      00357
_init_timer            text113      003CE
_init_uart             text109      0041A
_isr_t0                text116      00376
_k                     bssBANK0     00059
_k1                    text120      001DF
_key_code              bssBANK0     0005B
_key_ready             bssBANK0     0005D
_key_release           text108      003AB
_krcount               nvBANK0      0006B
_main                  maintext     00250
_nkp                   bssBANK0     0005F
_scan_no               bssCOMMON    00077
_scanner               text117      00015
_start_buzzer          bssBANK0     00061
_tb                    bssBANK0     00063
_tx                    text115      00404
_uart_delay            text114      00328
_uart_disp             text107      003EC
btemp                  (abs)        0007E
clear_ram              clrtext      00424
end_of_initialization  cinit        00324
i1_init_timer          text119      003DD
init_fetch             inittext     003BD
init_ram               inittext     003C1
interrupt_function     intentry     00004
intlevel0              intentry     00004
intlevel1              intentry     00004
intlevel2              intentry     00004
intlevel3              intentry     00004
intlevel4              intentry     00004
intlevel5              intentry     00004
reset_vec              reset_vec    00000
saved_w                (abs)        0007F
start                  init         00012
start_initialization   cinit        002F7
tx@tx_data             cstackCOMMON 00070
uart_delay@del         cstackBANK0  00067
uart_delay@i           cstackCOMMON 00071
uart_delay@j           cstackCOMMON 00073
