<html>
<body>
<pre>
<h1>µVision3 Build Log</h1>
<h2>Project:</h2>
D:\ABHISHEK JOSHI\ARM\T1\T1.uv2
Project File Date:  01/01/2002

<h2>Output:</h2>
Build target 'Target 1'
assembling Startup.s...
compiling T1.C...
T1.C(8): error:  #20: identifier "pinsel0" is undefined
T1.C(9): error:  #20: identifier "pinsel1" is undefined
T1.C(26): warning:  #1-D: last line of file ends without a newline
Target not created
Build target 'Target 1'
assembling Startup.s...
compiling T1.C...
T1.C(26): warning:  #1-D: last line of file ends without a newline
linking...
Program Size: Code=1244 RO-data=16400 RW-data=0 ZI-data=1256  
FromELF: creating hex file...
"T1.axf" - 0 Error(s), 1 Warning(s).
Build target 'Target 1'
assembling Startup.s...
compiling T1.C...
linking...
Program Size: Code=1244 RO-data=16400 RW-data=0 ZI-data=1256  
FromELF: creating hex file...
"T1.axf" - 0 Error(s), 0 Warning(s).
Build target 'Target 1'
assembling Startup.s...
compiling T1.C...
linking...
Program Size: Code=1248 RO-data=16400 RW-data=0 ZI-data=1256  
FromELF: creating hex file...
"T1.axf" - 0 Error(s), 0 Warning(s).
Build target 'Target 1'
assembling Startup.s...
compiling T1.C...
linking...
Program Size: Code=1276 RO-data=16400 RW-data=0 ZI-data=1256  
FromELF: creating hex file...
"T1.axf" - 0 Error(s), 0 Warning(s).
Build target 'Target 1'
assembling Startup.s...
compiling T1.C...
linking...
Program Size: Code=1284 RO-data=16400 RW-data=0 ZI-data=1256  
FromELF: creating hex file...
"T1.axf" - 0 Error(s), 0 Warning(s).
Build target 'Target 1'
assembling Startup.s...
compiling T1.C...
linking...
Program Size: Code=1304 RO-data=16400 RW-data=0 ZI-data=1256  
FromELF: creating hex file...
"T1.axf" - 0 Error(s), 0 Warning(s).
Build target 'Target 1'
assembling Startup.s...
compiling T1.C...
T1.C(36): error:  #268: declaration may not appear after executable statement in block
Target not created
Build target 'Target 1'
assembling Startup.s...
compiling T1.C...
linking...
Program Size: Code=1356 RO-data=16400 RW-data=0 ZI-data=1256  
FromELF: creating hex file...
"T1.axf" - 0 Error(s), 0 Warning(s).
Build target 'Target 1'
assembling Startup.s...
compiling T1.C...
linking...
Program Size: Code=1364 RO-data=16400 RW-data=0 ZI-data=1256  
FromELF: creating hex file...
"T1.axf" - 0 Error(s), 0 Warning(s).
Build target 'Target 1'
assembling Startup.s...
compiling T1.C...
linking...
Program Size: Code=1376 RO-data=16400 RW-data=0 ZI-data=1256  
FromELF: creating hex file...
"T1.axf" - 0 Error(s), 0 Warning(s).
Build target 'Target 1'
assembling Startup.s...
compiling T1.C...
linking...
Program Size: Code=1376 RO-data=16400 RW-data=0 ZI-data=1256  
FromELF: creating hex file...
"T1.axf" - 0 Error(s), 0 Warning(s).
Build target 'Target 1'
assembling Startup.s...
compiling T1.C...
linking...
Program Size: Code=1412 RO-data=16400 RW-data=0 ZI-data=1256  
FromELF: creating hex file...
"T1.axf" - 0 Error(s), 0 Warning(s).
Build target 'Target 1'
assembling Startup.s...
compiling T1.C...
linking...
Program Size: Code=1404 RO-data=16400 RW-data=0 ZI-data=1256  
FromELF: creating hex file...
"T1.axf" - 0 Error(s), 0 Warning(s).
Build target 'Target 1'
assembling Startup.s...
compiling T1.C...
linking...
Program Size: Code=1324 RO-data=16400 RW-data=0 ZI-data=1256  
FromELF: creating hex file...
"T1.axf" - 0 Error(s), 0 Warning(s).
Build target 'Target 1'
assembling Startup.s...
compiling T1.C...
linking...
Program Size: Code=1324 RO-data=16400 RW-data=0 ZI-data=1256  
FromELF: creating hex file...
"T1.axf" - 0 Error(s), 0 Warning(s).
Build target 'Target 1'
assembling Startup.s...
compiling T1.C...
linking...
Program Size: Code=1320 RO-data=16400 RW-data=0 ZI-data=1256  
FromELF: creating hex file...
"T1.axf" - 0 Error(s), 0 Warning(s).
</pre>
</body>
</html>
