<html>
<body>
<pre>
<h1>µVision3 Build Log</h1>
<h2>Project:</h2>
D:\ABHISHEK JOSHI\ARM\LCD\name\Name.uv2
Project File Date:  01/01/2002

<h2>Output:</h2>
Build target 'Target 1'
assembling Startup.s...
compiling name.C...
linking...
Program Size: Code=1772 RO-data=16416 RW-data=4 ZI-data=1260  
FromELF: creating hex file...
"Name.axf" - 0 Error(s), 0 Warning(s).
Build target 'Target 1'
assembling Startup.s...
compiling name.C...
linking...
Program Size: Code=1772 RO-data=16416 RW-data=4 ZI-data=1260  
FromELF: creating hex file...
"Name.axf" - 0 Error(s), 0 Warning(s).
Build target 'Target 1'
assembling Startup.s...
compiling name.C...
linking...
Program Size: Code=1772 RO-data=16416 RW-data=4 ZI-data=1260  
FromELF: creating hex file...
"Name.axf" - 0 Error(s), 0 Warning(s).
Build target 'Target 1'
assembling Startup.s...
compiling name.C...
linking...
Program Size: Code=1772 RO-data=16416 RW-data=4 ZI-data=1260  
FromELF: creating hex file...
"Name.axf" - 0 Error(s), 0 Warning(s).
Build target 'Target 1'
assembling Startup.s...
compiling name.C...
linking...
Program Size: Code=1772 RO-data=16416 RW-data=4 ZI-data=1260  
FromELF: creating hex file...
"Name.axf" - 0 Error(s), 0 Warning(s).
Build target 'Target 1'
assembling Startup.s...
compiling name.C...
linking...
Program Size: Code=1768 RO-data=16416 RW-data=4 ZI-data=1260  
FromELF: creating hex file...
"Name.axf" - 0 Error(s), 0 Warning(s).
Build target 'Target 1'
assembling Startup.s...
compiling name.C...
linking...
Program Size: Code=1788 RO-data=16416 RW-data=4 ZI-data=1260  
FromELF: creating hex file...
"Name.axf" - 0 Error(s), 0 Warning(s).
Build target 'Target 1'
assembling Startup.s...
compiling name.C...
linking...
Program Size: Code=1788 RO-data=16416 RW-data=4 ZI-data=1260  
FromELF: creating hex file...
"Name.axf" - 0 Error(s), 0 Warning(s).
Build target 'Target 1'
assembling Startup.s...
compiling name.C...
linking...
Program Size: Code=1788 RO-data=16416 RW-data=4 ZI-data=1260  
FromELF: creating hex file...
"Name.axf" - 0 Error(s), 0 Warning(s).
</pre>
</body>
</html>
