<html>
<body>
<pre>
<h1>µVision3 Build Log</h1>
<h2>Project:</h2>
D:\ABHISHEK JOSHI\ARM\T10\T10.uv2
Project File Date:  01/01/2002

<h2>Output:</h2>
Build target 'Target 1'
assembling Startup.s...
linking...
T10.axf: Warning: L6665W: Neither Lib$$Request$$armlib Lib$$Request$$cpplib defined, not searching ARM libraries.
T10.axf: Error: L6411W: No compatible library exists with a definition of startup symbol __main.
Target not created
Build target 'Target 1'
assembling Startup.s...
compiling T10.C...
T10.C(398): error:  #20: identifier "buzz" is undefined
Target not created
Build target 'Target 1'
assembling Startup.s...
compiling T10.C...
linking...
Program Size: Code=3952 RO-data=16416 RW-data=116 ZI-data=1260  
FromELF: creating hex file...
"T10.axf" - 0 Error(s), 0 Warning(s).
</pre>
</body>
</html>
