<html>
<body>
<pre>
<h1>µVision3 Build Log</h1>
<h2>Project:</h2>
D:\ABHISHEK JOSHI\ARM\T9\T9.uv2
Project File Date:  01/01/2002

<h2>Output:</h2>
Build target 'Target 1'
assembling Startup.s...
compiling T9.C...
T9.C(36): warning:  #951-D: return type of function "main" must be "int"
T9.C(349): error:  #20: identifier "buzz" is undefined
T9.C(350): warning:  #1-D: last line of file ends without a newline
Target not created
Build target 'Target 1'
assembling Startup.s...
compiling T9.C...
linking...
Program Size: Code=3444 RO-data=16416 RW-data=116 ZI-data=1260  
FromELF: creating hex file...
"T9.axf" - 0 Error(s), 0 Warning(s).
</pre>
</body>
</html>
