C51 COMPILER V9.00   PE1                                                                   01/01/2002 05:02:06 PAGE 1   


C51 COMPILER V9.00, COMPILATION OF MODULE PE1
OBJECT MODULE PLACED IN PE1.OBJ
COMPILER INVOKED BY: C:\Keil\C51\BIN\C51.EXE PE1.C BROWSE DEBUG OBJECTEXTEND

line level    source

   1          #include<reg51f.h>
   2          #include<i2c.h>
   3          
   4          int i;
   5          unsigned char result,temp1,name;
   6          
   7          void wr_PE(unsigned char);
   8          unsigned char read_PE();
   9          //void display();
  10          
  11          
  12          void main()
  13          {
  14   1       init_lcd();
  15   1       //wr_PE();
  16   1       
  17   1       while(1)
  18   1       {
  19   2        wr_PE(0x00);
  20   2        result=read_PE();
  21   2        P0=result;
  22   2       }
  23   1      }
  24          
  25          void wr_PE(unsigned char temp1)
  26          {
  27   1       start_i2c();
  28   1      
  29   1       shout_i2c(0x40); //device address and write mode
  30   1       ack_i2c();
  31   1      
  32   1       shout_i2c(temp1); //data
  33   1       ack_i2c();
  34   1      
  35   1      
  36   1       stop_i2c();
  37   1      
  38   1      }
  39          
  40          unsigned char read_PE()
  41          {
  42   1       start_i2c();
  43   1      
  44   1       shout_i2c(0x41); //device address and read mode
  45   1       ack_i2c();
  46   1      
  47   1       /*shout_i2c(0x00); //start address high
  48   1       ack_i2c();
  49   1      
  50   1       shout_i2c(0x00); //start address low
  51   1       ack_i2c();
  52   1      
  53   1       start_i2c();
  54   1      
  55   1       shout_i2c(0xA1); //device address and read mode
C51 COMPILER V9.00   PE1                                                                   01/01/2002 05:02:06 PAGE 2   

  56   1       ack_i2c(); */
  57   1       
  58   1       name=shin_i2c();
  59   1       nack_i2c();
  60   1        
  61   1       stop_i2c();
  62   1       return (name);
  63   1      }
  64          
  65          /*void display()
  66          {
  67           cmd_wr(0x80);
  68           delay(2);
  69           for(i=0;i<=4;i++)
  70           {
  71            data_wr(name1[i]);
  72            delay(2);
  73           }
  74          
  75          }*/
  76          
  77          
  78          
  79          
  80          


MODULE INFORMATION:   STATIC OVERLAYABLE
   CODE SIZE        =    448    ----
   CONSTANT SIZE    =   ----    ----
   XDATA SIZE       =   ----    ----
   PDATA SIZE       =   ----    ----
   DATA SIZE        =      8       2
   IDATA SIZE       =   ----    ----
   BIT SIZE         =   ----    ----
END OF MODULE INFORMATION.


C51 COMPILATION COMPLETE.  0 WARNING(S),  0 ERROR(S)
