<html>
<body>
<pre>
<h1>µVision3 Build Log</h1>
<h2>Project:</h2>
D:\ABHISHEK JOSHI\ARM\T7\T7.uv2
Project File Date:  01/01/2002

<h2>Output:</h2>
Build target 'Target 1'
assembling Startup.s...
compiling T7.C...
linking...
Program Size: Code=1412 RO-data=16416 RW-data=4 ZI-data=1260  
FromELF: creating hex file...
"T7.axf" - 0 Error(s), 0 Warning(s).
Build target 'Target 1'
assembling Startup.s...
compiling T7.C...
linking...
Program Size: Code=1416 RO-data=16416 RW-data=4 ZI-data=1260  
FromELF: creating hex file...
"T7.axf" - 0 Error(s), 0 Warning(s).
Build target 'Target 1'
assembling Startup.s...
compiling T7.C...
linking...
Program Size: Code=1416 RO-data=16416 RW-data=4 ZI-data=1260  
FromELF: creating hex file...
"T7.axf" - 0 Error(s), 0 Warning(s).
Build target 'Target 1'
assembling Startup.s...
compiling T7.C...
linking...
Program Size: Code=1412 RO-data=16416 RW-data=4 ZI-data=1260  
FromELF: creating hex file...
"T7.axf" - 0 Error(s), 0 Warning(s).
Build target 'Target 1'
assembling Startup.s...
compiling T7.C...
T7.C(13): error:  #20: identifier "val" is undefined
T7.C(13): warning:  #1293-D: assignment in condition
T7.C(25): warning:  #550-D: variable "val" was set but never used
Target not created
Build target 'Target 1'
assembling Startup.s...
compiling T7.C...
T7.C(13): warning:  #1293-D: assignment in condition
linking...
Program Size: Code=1464 RO-data=16416 RW-data=8 ZI-data=1256  
FromELF: creating hex file...
"T7.axf" - 0 Error(s), 1 Warning(s).
Build target 'Target 1'
assembling Startup.s...
compiling T7.C...
linking...
Program Size: Code=1464 RO-data=16416 RW-data=8 ZI-data=1256  
FromELF: creating hex file...
"T7.axf" - 0 Error(s), 0 Warning(s).
Build target 'Target 1'
assembling Startup.s...
compiling T7.C...
linking...
Program Size: Code=1468 RO-data=16416 RW-data=8 ZI-data=1256  
FromELF: creating hex file...
"T7.axf" - 0 Error(s), 0 Warning(s).
</pre>
</body>
</html>
