<html>
<body>
<pre>
<h1>µVision3 Build Log</h1>
<h2>Project:</h2>
D:\ABHISHEK JOSHI\ARM\LCD\T8\T8.uv2
Project File Date:  01/01/2002

<h2>Output:</h2>
Build target 'Target 1'
assembling Startup.s...
compiling T8.C...
T8.C(17): error:  #147: declaration is incompatible with "unsigned int cmd_data" (declared at line 3 of "armlcd.h")
T8.C(72): warning:  #111-D: statement is unreachable
Target not created
Build target 'Target 1'
assembling Startup.s...
compiling T8.C...
T8.C(72): warning:  #111-D: statement is unreachable
linking...
Program Size: Code=2832 RO-data=16416 RW-data=68 ZI-data=1260  
FromELF: creating hex file...
"T8.axf" - 0 Error(s), 1 Warning(s).
Build target 'Target 1'
assembling Startup.s...
compiling T8.C...
linking...
Program Size: Code=2848 RO-data=16416 RW-data=68 ZI-data=1260  
FromELF: creating hex file...
"T8.axf" - 0 Error(s), 0 Warning(s).
Build target 'Target 1'
assembling Startup.s...
compiling T8.C...
T8.C(72): warning:  #111-D: statement is unreachable
linking...
Program Size: Code=2832 RO-data=16416 RW-data=68 ZI-data=1260  
FromELF: creating hex file...
"T8.axf" - 0 Error(s), 1 Warning(s).
Build target 'Target 1'
assembling Startup.s...
compiling T8.C...
T8.C(72): warning:  #111-D: statement is unreachable
linking...
Program Size: Code=2828 RO-data=16416 RW-data=68 ZI-data=1260  
FromELF: creating hex file...
"T8.axf" - 0 Error(s), 1 Warning(s).
Build target 'Target 1'
assembling Startup.s...
compiling T8.C...
linking...
Program Size: Code=2844 RO-data=16416 RW-data=68 ZI-data=1260  
FromELF: creating hex file...
"T8.axf" - 0 Error(s), 0 Warning(s).
Build target 'Target 1'
assembling Startup.s...
compiling T8.C...
linking...
Program Size: Code=2848 RO-data=16416 RW-data=68 ZI-data=1260  
FromELF: creating hex file...
"T8.axf" - 0 Error(s), 0 Warning(s).
Build target 'Target 1'
assembling Startup.s...
compiling T8.C...
linking...
Program Size: Code=2848 RO-data=16416 RW-data=68 ZI-data=1260  
FromELF: creating hex file...
"T8.axf" - 0 Error(s), 0 Warning(s).
Build target 'Target 1'
assembling Startup.s...
compiling T8.C...
linking...
Program Size: Code=2848 RO-data=16416 RW-data=68 ZI-data=1260  
FromELF: creating hex file...
"T8.axf" - 0 Error(s), 0 Warning(s).
</pre>
</body>
</html>
